--- start 2026-07-30T09:39:10.8192083+09:00 port=54762 root=C:\김시현\lottecinema ---
Serving C:\김시현\lottecinema at http://localhost:54762/
200 /index.html
REQUEST ERROR: "3"개의 인수가 있는 "Write"을(를) 호출하는 동안 예외가 발생했습니다. "스트림에 쓸 바이트가 지정된 Content-Length 바이트 크기를 초과합니다."
200 /styles.css
200 /assets/images/Logo.png
200 /assets/images/img_box1.png
200 /index.html
200 /assets/images/img_box2.png
200 /assets/images/img_box3.png
200 /assets/images/img_box4.png
200 /styles.css
200 /assets/images/Logo.png
200 /assets/images/img_box1.png
200 /assets/images/img_box2.png
200 /assets/images/img_box3.png
200 /assets/icons/icon_login.svg
200 /assets/icons/icon_ticket.svg
200 /assets/images/img_box4.png
200 /assets/images/img_box5.png
200 /assets/images/poster_backrooms.jpeg
200 /assets/images/poster_doraemon.jpeg
200 /assets/images/poster_hope.jpeg
200 /assets/images/poster_wanggwasanamja.jpeg
200 /assets/images/hero_bg_michael.png
200 /assets/images/special_super_led.png
200 /assets/images/special_gwangeum_led.png
200 /assets/images/sns_kimjunsu.png
200 /assets/images/BgImage.png
200 /assets/icons/icon_chevron_down.svg
404 /favicon.ico
200 /assets/images/Bgimg4.png
200 /assets/images/Bgimg5.png
200 /assets/images/Bgimg4.png
200 /assets/images/Bgimg3.png
200 /assets/images/Bgimg2.png
200 /index.html
200 /styles.css
200 /assets/images/Logo.png
200 /assets/images/img_box1.png
200 /assets/images/img_box3.png
200 /assets/images/img_box2.png
200 /assets/images/search.svg
200 /assets/images/img_box4.png
200 /assets/icons/icon_login.svg
200 /assets/icons/icon_ticket.svg
200 /assets/images/img_box5.png
200 /assets/images/poster_backrooms.jpeg
200 /assets/images/poster_doraemon.jpeg
200 /assets/images/poster_hope.jpeg
200 /assets/images/poster_wanggwasanamja.jpeg
200 /assets/images/hero_bg_michael.png
200 /assets/images/special_super_led.png
200 /assets/images/special_gwangeum_led.png
200 /assets/images/sns_kimjunsu.png
200 /assets/icons/icon_chevron_down.svg
200 /assets/images/BgImage.png
404 /favicon.ico
200 /assets/images/hero_bg_michael_flipped.png
200 /assets/images/Bgimg5.png
200 /index.html
200 /styles.css
200 /assets/images/Logo.png
200 /assets/images/img_box1.png
200 /assets/images/img_box2.png
200 /assets/images/img_box3.png
200 /assets/images/img_box4.png
200 /assets/icons/icon_search.svg
200 /assets/icons/icon_login.svg
200 /assets/icons/icon_ticket.svg
200 /assets/images/img_box5.png
200 /assets/images/poster_backrooms.jpeg
200 /assets/images/poster_doraemon.jpeg
200 /assets/images/poster_hope.jpeg
200 /assets/images/poster_wanggwasanamja.jpeg
200 /assets/images/hero_bg_michael.png
200 /assets/images/special_super_led.png
200 /assets/images/special_gwangeum_led.png
200 /assets/images/sns_kimjunsu.png
200 /assets/images/BgImage.png
200 /assets/icons/icon_chevron_down.svg
200 /assets/fonts/nanumsquare/NanumSquareR.ttf
404 /favicon.ico
200 /index.html
200 /styles.css
200 /assets/images/Logo.png
200 /assets/images/img_box1.png
200 /assets/images/img_box2.png
200 /assets/images/img_box3.png
200 /assets/images/img_box4.png
200 /assets/icons/icon_search.svg
200 /assets/icons/icon_login.svg
200 /assets/icons/icon_ticket.svg
200 /assets/images/img_box5.png
200 /assets/images/poster_backrooms.jpeg
200 /assets/images/poster_doraemon.jpeg
200 /assets/images/poster_hope.jpeg
200 /assets/images/poster_wanggwasanamja.jpeg
200 /assets/images/hero_bg_michael.png
200 /assets/images/poster_gunche.jpeg
200 /assets/images/special_super_led.png
200 /assets/images/special_gwangeum_led.png
200 /assets/images/sns_kimjunsu.png
200 /assets/icons/icon_chevron_down.svg
200 /assets/fonts/nanumsquare/NanumSquareR.ttf
200 /assets/images/BgImage.png
404 /favicon.ico
200 /index.html
200 /styles.css
200 /assets/images/Logo.png
200 /assets/images/img_box1.png
200 /assets/images/badge_15.png
200 /assets/images/img_box2.png
200 /assets/images/badge_12.png
200 /assets/fonts/nanumsquare/NanumSquareR.ttf
200 /assets/fonts/nanumsquare/NanumSquareEB.ttf
200 /assets/fonts/nanumsquare/NanumSquareB.ttf
200 /assets/fonts/pretendard/Pretendard-Bold.woff2
200 /assets/fonts/rixyeoljeongdo/RixYeoljeongdo-Regular.ttf
200 /assets/fonts/pretendard/Pretendard-Regular.woff2
200 /assets/images/BgImage.png
200 /assets/images/img_box3.png
200 /assets/images/img_box4.png
200 /assets/images/img_box5.png
200 /assets/icons/icon_ticket.svg
200 /assets/icons/icon_login.svg
200 /assets/icons/icon_search.svg
200 /assets/icons/icon_star.svg
200 /assets/images/badge_all.png
200 /assets/icons/icon_star_rating.svg
200 /assets/icons/icon_play.svg
200 /assets/images/poster_backrooms.jpeg
200 /assets/images/poster_doraemon.jpeg
200 /assets/images/poster_hope.jpeg
200 /assets/images/poster_wanggwasanamja.jpeg
200 /assets/images/hero_bg_michael.png
200 /assets/images/poster_gunche.jpeg
200 /assets/images/special_super_led.png
200 /assets/images/special_gwangeum_led.png
200 /assets/images/sns_kimjunsu.png
200 /assets/icons/icon_chevron_down.svg
404 /favicon.ico
200 /assets/images/Bgimg4.png
200 /index.html
200 /styles.css
200 /assets/images/Logo.png
200 /assets/images/img_box1.png
200 /assets/images/badge_15.png
200 /assets/images/img_box2.png
200 /assets/icons/icon_search.svg
200 /assets/icons/icon_login.svg
200 /assets/images/badge_12.png
200 /assets/icons/icon_ticket.svg
200 /assets/icons/icon_star_rating.svg
200 /assets/icons/icon_play.svg
200 /assets/icons/icon_star.svg
200 /assets/images/img_box3.png
200 /assets/images/img_box4.png
200 /assets/images/img_box5.png
200 /assets/images/badge_all.png
200 /assets/icons/icon_quickmenu.svg
200 /assets/images/pick_beginagain.jpeg
200 /assets/images/badge_lottepick.png
200 /assets/images/pick_doraemon.jpeg
200 /assets/images/pick_blazetheway.jpeg
200 /assets/images/pick_scarymovie.jpeg
200 /assets/images/promo/promo_logo1.png
200 /assets/images/promo/promo_grid1.png
200 /assets/images/promo/promo_logo2.png
200 /assets/images/promo/promo_grid2.png
200 /assets/images/promo/promo_logo3.png
200 /assets/images/promo/promo_grid3.png
200 /assets/images/promo/promo_logo4.png
200 /assets/images/promo/promo_grid4.png
200 /assets/images/mood/mood_0.jpeg
200 /assets/images/mood/mood_1.jpeg
200 /assets/images/mood/mood_2.jpeg
200 /assets/images/mood/mood_3.jpeg
200 /assets/images/mood/mood_4.jpeg
200 /assets/images/mood/mood_5.jpeg
200 /assets/images/mood/mood_6.jpeg
200 /assets/images/mood/mood_7.jpeg
200 /assets/images/mood/mood_8.jpeg
200 /assets/images/mood/mood_9.jpeg
200 /assets/images/mood/mood_10.jpeg
200 /assets/images/mood/mood_11.jpeg
200 /assets/images/special_super_led.png
200 /assets/images/special_gwangeum_led.png
200 /assets/images/sns_kimjunsu.png
200 /assets/icons/icon_chevron_down.svg
200 /assets/fonts/nanumsquare/NanumSquareB.ttf
200 /assets/fonts/nanumsquare/NanumSquareR.ttf
200 /assets/fonts/nanumsquare/NanumSquareEB.ttf
200 /assets/fonts/pretendard/Pretendard-Bold.woff2
200 /assets/fonts/rixyeoljeongdo/RixYeoljeongdo-Regular.ttf
200 /assets/fonts/sbaggro/SBAggro-Light.ttf
200 /assets/fonts/pretendard/Pretendard-ExtraBold.woff2
200 /assets/fonts/pretendard/Pretendard-Black.woff2
200 /assets/fonts/pretendard/Pretendard-Regular.woff2
200 /assets/images/BgImage.png
404 /favicon.ico
